sentSpans:
    - { id: '0', traceId: '2', localEndpoint: { serviceName: 'My package' }, name: first, timestamp: 1640995, duration: 0, tags: { host.name: freeks-MacBook-Pro.local }, parentId: null, otel.scope.name: 'My package' }
    - { id: '1', traceId: '2', localEndpoint: { serviceName: 'My package' }, name: second, timestamp: 1640995, duration: 0, tags: { host.name: freeks-MacBook-Pro.local }, parentId: null, otel.scope.name: 'My package' }
