sentSpans:
    - { id: '1', traceId: '0', localEndpoint: { serviceName: Laravel }, name: child, timestamp: 1640995, duration: 0, tags: { host.name: freeks-MacBook-Pro.local }, parentId: '0', otel.scope.name: Laravel }
    - { id: '0', traceId: '0', localEndpoint: { serviceName: Laravel }, name: parent, timestamp: 1640995, duration: 0, tags: { host.name: freeks-MacBook-Pro.local }, parentId: null, otel.scope.name: Laravel }
